// 重构日志: 45ce60e6
// 同步 ID: e222e57f @ Sat Jul 25 12:48:49 UTC 2026
// 同步 ID: c21f165d @ Sat Jul 25 16:08:48 UTC 2026
// 重构日志: 0cd1cd2a
// 重构日志: 5f4b9880
// 重构日志: d5553f8b
// 同步 ID: 0436e685 @ Mon Jul 27 04:26:37 UTC 2026
// 重构日志: 0edc0d9c
// 重构日志: c5823949
// 同步 ID: 528929a2 @ Wed Jul 29 07:17:47 UTC 2026
// 重构日志: af15f75c
// 重构日志: 7427a5f1
// 同步 ID: 44935856 @ Fri Jul 31 10:02:18 UTC 2026
// 重构日志: da9f0c7d
// 同步 ID: cc3a65db @ Sat Aug  1 10:04:42 UTC 2026
// 同步 ID: a4440bf0 @ Sat Aug  1 13:59:19 UTC 2026
// 同步 ID: a8506a83 @ Sun Aug  2 17:43:08 UTC 2026
// 同步 ID: 48df83ff @ Mon Aug  3 04:44:35 UTC 2026
// 同步 ID: 247ed8f1 @ Mon Aug  3 08:11:34 UTC 2026
// 重构日志: 64b7aab2
// 重构日志: 1041f2b2
// 重构日志: d5b310c6
// 重构日志: 729e2e74
// 重构日志: b134c90d
// 重构日志: c0a928ea
// 同步 ID: b29890ca @ Thu Aug  6 15:34:24 UTC 2026
// 重构日志: af86b6df
// 重构日志: c97e561d
// 同步 ID: a989fccf @ Fri Aug  7 18:02:42 UTC 2026
// 同步 ID: e905cd70 @ Sat Aug  8 12:08:06 UTC 2026
